Archive member included because of file (symbol)

c:/program files (x86)/atmel/avr studio 5.0/avr toolchain/bin/../lib/gcc/avr/4.5.1/avr5\libgcc.a(_exit.o)
                              c:/program files (x86)/atmel/avr studio 5.0/avr toolchain/bin/../lib/gcc/avr/4.5.1/../../../../avr/lib/avr5/crtm64.o (exit)
c:/program files (x86)/atmel/avr studio 5.0/avr toolchain/bin/../lib/gcc/avr/4.5.1/avr5\libgcc.a(_copy_data.o)
                              Communication/Mu/Mu.o (__do_copy_data)
c:/program files (x86)/atmel/avr studio 5.0/avr toolchain/bin/../lib/gcc/avr/4.5.1/avr5\libgcc.a(_clear_bss.o)
                              Communication/Mu/Mu.o (__do_clear_bss)
c:/program files (x86)/atmel/avr studio 5.0/avr toolchain/bin/../lib/gcc/avr/4.5.1/avr5\libgcc.a(_fixunssfsi.o)
                              System/Process/Process.o (__fixunssfsi)
c:/program files (x86)/atmel/avr studio 5.0/avr toolchain/bin/../lib/gcc/avr/4.5.1/avr5\libgcc.a(_addsub_sf.o)
                              System/Process/Process.o (__addsf3)
c:/program files (x86)/atmel/avr studio 5.0/avr toolchain/bin/../lib/gcc/avr/4.5.1/avr5\libgcc.a(_mul_sf.o)
                              System/Process/Process.o (__mulsf3)
c:/program files (x86)/atmel/avr studio 5.0/avr toolchain/bin/../lib/gcc/avr/4.5.1/avr5\libgcc.a(_ge_sf.o)
                              c:/program files (x86)/atmel/avr studio 5.0/avr toolchain/bin/../lib/gcc/avr/4.5.1/avr5\libgcc.a(_fixunssfsi.o) (__gesf2)
c:/program files (x86)/atmel/avr studio 5.0/avr toolchain/bin/../lib/gcc/avr/4.5.1/avr5\libgcc.a(_si_to_sf.o)
                              System/Process/Process.o (__floatsisf)
c:/program files (x86)/atmel/avr studio 5.0/avr toolchain/bin/../lib/gcc/avr/4.5.1/avr5\libgcc.a(_sf_to_si.o)
                              c:/program files (x86)/atmel/avr studio 5.0/avr toolchain/bin/../lib/gcc/avr/4.5.1/avr5\libgcc.a(_fixunssfsi.o) (__fixsfsi)
c:/program files (x86)/atmel/avr studio 5.0/avr toolchain/bin/../lib/gcc/avr/4.5.1/avr5\libgcc.a(_thenan_sf.o)
                              c:/program files (x86)/atmel/avr studio 5.0/avr toolchain/bin/../lib/gcc/avr/4.5.1/avr5\libgcc.a(_addsub_sf.o) (__thenan_sf)
c:/program files (x86)/atmel/avr studio 5.0/avr toolchain/bin/../lib/gcc/avr/4.5.1/avr5\libgcc.a(_usi_to_sf.o)
                              System/Process/Process.o (__floatunsisf)
c:/program files (x86)/atmel/avr studio 5.0/avr toolchain/bin/../lib/gcc/avr/4.5.1/avr5\libgcc.a(_prologue.o)
                              c:/program files (x86)/atmel/avr studio 5.0/avr toolchain/bin/../lib/gcc/avr/4.5.1/avr5\libgcc.a(_addsub_sf.o) (__prologue_saves__)
c:/program files (x86)/atmel/avr studio 5.0/avr toolchain/bin/../lib/gcc/avr/4.5.1/avr5\libgcc.a(_epilogue.o)
                              c:/program files (x86)/atmel/avr studio 5.0/avr toolchain/bin/../lib/gcc/avr/4.5.1/avr5\libgcc.a(_addsub_sf.o) (__epilogue_restores__)
c:/program files (x86)/atmel/avr studio 5.0/avr toolchain/bin/../lib/gcc/avr/4.5.1/avr5\libgcc.a(_clzsi2.o)
                              c:/program files (x86)/atmel/avr studio 5.0/avr toolchain/bin/../lib/gcc/avr/4.5.1/avr5\libgcc.a(_si_to_sf.o) (__clzsi2)
c:/program files (x86)/atmel/avr studio 5.0/avr toolchain/bin/../lib/gcc/avr/4.5.1/avr5\libgcc.a(_pack_sf.o)
                              c:/program files (x86)/atmel/avr studio 5.0/avr toolchain/bin/../lib/gcc/avr/4.5.1/avr5\libgcc.a(_addsub_sf.o) (__pack_f)
c:/program files (x86)/atmel/avr studio 5.0/avr toolchain/bin/../lib/gcc/avr/4.5.1/avr5\libgcc.a(_unpack_sf.o)
                              c:/program files (x86)/atmel/avr studio 5.0/avr toolchain/bin/../lib/gcc/avr/4.5.1/avr5\libgcc.a(_addsub_sf.o) (__unpack_f)
c:/program files (x86)/atmel/avr studio 5.0/avr toolchain/bin/../lib/gcc/avr/4.5.1/avr5\libgcc.a(_fpcmp_parts_sf.o)
                              c:/program files (x86)/atmel/avr studio 5.0/avr toolchain/bin/../lib/gcc/avr/4.5.1/avr5\libgcc.a(_ge_sf.o) (__fpcmp_parts_f)
c:/program files (x86)/atmel/avr studio 5.0/avr toolchain/bin/../lib/gcc/avr/4.5.1/avr5\libgcc.a(_clz.o)
                              c:/program files (x86)/atmel/avr studio 5.0/avr toolchain/bin/../lib/gcc/avr/4.5.1/avr5\libgcc.a(_clzsi2.o) (__clz_tab)
c:/program files (x86)/atmel/avr studio 5.0/avr toolchain/bin/../lib/gcc/avr/4.5.1/../../../../avr/lib/avr5\libc.a(sqrt.o)
                              System/Process/Process.o (sqrt)
c:/program files (x86)/atmel/avr studio 5.0/avr toolchain/bin/../lib/gcc/avr/4.5.1/../../../../avr/lib/avr5\libc.a(fp_mpack.o)
                              c:/program files (x86)/atmel/avr studio 5.0/avr toolchain/bin/../lib/gcc/avr/4.5.1/../../../../avr/lib/avr5\libc.a(sqrt.o) (__fp_mpack)
c:/program files (x86)/atmel/avr studio 5.0/avr toolchain/bin/../lib/gcc/avr/4.5.1/../../../../avr/lib/avr5\libc.a(fp_nan.o)
                              c:/program files (x86)/atmel/avr studio 5.0/avr toolchain/bin/../lib/gcc/avr/4.5.1/../../../../avr/lib/avr5\libc.a(sqrt.o) (__fp_nan)
c:/program files (x86)/atmel/avr studio 5.0/avr toolchain/bin/../lib/gcc/avr/4.5.1/../../../../avr/lib/avr5\libc.a(fp_norm2.o)
                              c:/program files (x86)/atmel/avr studio 5.0/avr toolchain/bin/../lib/gcc/avr/4.5.1/../../../../avr/lib/avr5\libc.a(sqrt.o) (__fp_norm2)
c:/program files (x86)/atmel/avr studio 5.0/avr toolchain/bin/../lib/gcc/avr/4.5.1/../../../../avr/lib/avr5\libc.a(fp_split3.o)
                              c:/program files (x86)/atmel/avr studio 5.0/avr toolchain/bin/../lib/gcc/avr/4.5.1/../../../../avr/lib/avr5\libc.a(sqrt.o) (__fp_splitA)

Allocating common symbols
Common symbol       size              file

TIMER               0x44              System/Setup/Setup.o
buzzerPatternStatus
                    0x1               System/Safety/Safety.o
UartSend            0x8               Communication/Uart/Uart.o
SwitchArray         0x8               Input/Switch/Switch.o
powerLost           0x1               System/Safety/Safety.o
UartReceive         0x8               Communication/Uart/Uart.o
SensorArray         0x4               Input/Sensor/Sensor.o
buzzerCount         0x2               System/Safety/Safety.o
IO                  0x2a              System/Setup/Setup.o
LedHubArray         0x10              Communication/RS485/RS485.o
SafetyInitialize    0xc               System/Safety/Safety.o
Led4bitPack         0xa               Output/Led/Led.o
CtrlLost            0x1               Communication/RemoteControl/RCReceive.o
MotorArray          0x4               Output/Motor/Motor.o
UartInitialize      0x8               Communication/Uart/Uart.o
buzzerStatus        0x1               System/Safety/Safety.o
PwmTimerInitialize  0xc               Output/Motor/Motor.o
ExintInitialize     0x10              Input/Exint/Exint.o
LedFunctions        0x8               Output/Led/Led.o
USART               0x18              System/Setup/Setup.o
buzzerStopFlag      0x1               System/Safety/Safety.o
LedArray            0x4               Output/Led/Led.o
EncoderTimerInitialize
                    0xc               Input/Encoder/Encoder.o
AirFunctions        0x8               Output/Air/Air.o
MotorHubArray       0x10              Communication/RS485/RS485.o
AirArray            0x4               Output/Air/Air.o
AirHubArray         0x8               Communication/RS485/RS485.o
MotorFunctions      0x4               Output/Motor/Motor.o
EncoderArray        0xc               Input/Encoder/Encoder.o
EXINT               0x8               System/Setup/Setup.o
BuzzerStatus        0x1               Output/Buzzer/Buzzer.o

Memory Configuration

Name             Origin             Length             Attributes
text             0x00000000         0x00020000         xr
data             0x00800060         0x0000ffa0         rw !x
eeprom           0x00810000         0x00010000         rw !x
fuse             0x00820000         0x00000400         rw !x
lock             0x00830000         0x00000400         rw !x
signature        0x00840000         0x00000400         rw !x
*default*        0x00000000         0xffffffff

Linker script and memory map

Address of section .data set to 0x800100
LOAD c:/program files (x86)/atmel/avr studio 5.0/avr toolchain/bin/../lib/gcc/avr/4.5.1/../../../../avr/lib/avr5/crtm64.o
LOAD Communication/Mu/Mu.o
LOAD Communication/RemoteControl/RCReceive.o
LOAD Communication/RingBuffer/Ringbuffer.o
LOAD Communication/RS485/RS485.o
LOAD Communication/Uart/Uart.o
LOAD Input/Encoder/Encoder.o
LOAD Input/Exint/Exint.o
LOAD Input/Sensor/Sensor.o
LOAD Input/Switch/Switch.o
LOAD main.o
LOAD Output/Air/Air.o
LOAD Output/Buzzer/Buzzer.o
LOAD Output/Led/Led.o
LOAD Output/Motor/Motor.o
LOAD System/Initialize/Initialize.o
LOAD System/Process/Process.o
LOAD System/Safety/Safety.o
LOAD System/Setup/Setup.o
LOAD System/WDT/WDT.o
LOAD c:/program files (x86)/atmel/avr studio 5.0/avr toolchain/bin/../lib/gcc/avr/4.5.1/avr5\libgcc.a
LOAD c:/program files (x86)/atmel/avr studio 5.0/avr toolchain/bin/../lib/gcc/avr/4.5.1/../../../../avr/lib/avr5\libc.a
LOAD c:/program files (x86)/atmel/avr studio 5.0/avr toolchain/bin/../lib/gcc/avr/4.5.1/avr5\libgcc.a

.hash
 *(.hash)

.dynsym
 *(.dynsym)

.dynstr
 *(.dynstr)

.gnu.version
 *(.gnu.version)

.gnu.version_d
 *(.gnu.version_d)

.gnu.version_r
 *(.gnu.version_r)

.rel.init
 *(.rel.init)

.rela.init
 *(.rela.init)

.rel.text
 *(.rel.text)
 *(.rel.text.*)
 *(.rel.gnu.linkonce.t*)

.rela.text
 *(.rela.text)
 *(.rela.text.*)
 *(.rela.gnu.linkonce.t*)

.rel.fini
 *(.rel.fini)

.rela.fini
 *(.rela.fini)

.rel.rodata
 *(.rel.rodata)
 *(.rel.rodata.*)
 *(.rel.gnu.linkonce.r*)

.rela.rodata
 *(.rela.rodata)
 *(.rela.rodata.*)
 *(.rela.gnu.linkonce.r*)

.rel.data
 *(.rel.data)
 *(.rel.data.*)
 *(.rel.gnu.linkonce.d*)

.rela.data
 *(.rela.data)
 *(.rela.data.*)
 *(.rela.gnu.linkonce.d*)

.rel.ctors
 *(.rel.ctors)

.rela.ctors
 *(.rela.ctors)

.rel.dtors
 *(.rel.dtors)

.rela.dtors
 *(.rela.dtors)

.rel.got
 *(.rel.got)

.rela.got
 *(.rela.got)

.rel.bss
 *(.rel.bss)

.rela.bss
 *(.rela.bss)

.rel.plt
 *(.rel.plt)

.rela.plt
 *(.rela.plt)

.text           0x00000000     0x5f58
 *(.vectors)
 .vectors       0x00000000       0x8c c:/program files (x86)/atmel/avr studio 5.0/avr toolchain/bin/../lib/gcc/avr/4.5.1/../../../../avr/lib/avr5/crtm64.o
                0x00000000                __vector_default
                0x00000000                __vectors
 *(.vectors)
 *(.progmem.gcc*)
 *(.progmem*)
                0x0000008c                . = ALIGN (0x2)
                0x0000008c                __trampolines_start = .
 *(.trampolines)
 .trampolines   0x0000008c        0x0 linker stubs
 *(.trampolines*)
                0x0000008c                __trampolines_end = .
 *(.jumptables)
 *(.jumptables*)
 *(.lowtext)
 *(.lowtext*)
                0x0000008c                __ctors_start = .
 *(.ctors)
                0x0000008c                __ctors_end = .
                0x0000008c                __dtors_start = .
 *(.dtors)
                0x0000008c                __dtors_end = .
 SORT(*)(.ctors)
 SORT(*)(.dtors)
 *(.init0)
 .init0         0x0000008c        0x0 c:/program files (x86)/atmel/avr studio 5.0/avr toolchain/bin/../lib/gcc/avr/4.5.1/../../../../avr/lib/avr5/crtm64.o
                0x0000008c                __init
 *(.init0)
 *(.init1)
 *(.init1)
 *(.init2)
 .init2         0x0000008c        0xc c:/program files (x86)/atmel/avr studio 5.0/avr toolchain/bin/../lib/gcc/avr/4.5.1/../../../../avr/lib/avr5/crtm64.o
 *(.init2)
 *(.init3)
 *(.init3)
 *(.init4)
 .init4         0x00000098       0x16 c:/program files (x86)/atmel/avr studio 5.0/avr toolchain/bin/../lib/gcc/avr/4.5.1/avr5\libgcc.a(_copy_data.o)
                0x00000098                __do_copy_data
 .init4         0x000000ae       0x10 c:/program files (x86)/atmel/avr studio 5.0/avr toolchain/bin/../lib/gcc/avr/4.5.1/avr5\libgcc.a(_clear_bss.o)
                0x000000ae                __do_clear_bss
 *(.init4)
 *(.init5)
 *(.init5)
 *(.init6)
 *(.init6)
 *(.init7)
 *(.init7)
 *(.init8)
 *(.init8)
 *(.init9)
 .init9         0x000000be        0x8 c:/program files (x86)/atmel/avr studio 5.0/avr toolchain/bin/../lib/gcc/avr/4.5.1/../../../../avr/lib/avr5/crtm64.o
 *(.init9)
 *(.text)
 .text          0x000000c6        0x4 c:/program files (x86)/atmel/avr studio 5.0/avr toolchain/bin/../lib/gcc/avr/4.5.1/../../../../avr/lib/avr5/crtm64.o
                0x000000c6                __vector_22
                0x000000c6                __vector_28
                0x000000c6                __vector_34
                0x000000c6                __vector_24
                0x000000c6                __vector_12
                0x000000c6                __bad_interrupt
                0x000000c6                __vector_3
                0x000000c6                __vector_23
                0x000000c6                __vector_25
                0x000000c6                __vector_11
                0x000000c6                __vector_13
                0x000000c6                __vector_17
                0x000000c6                __vector_19
                0x000000c6                __vector_27
                0x000000c6                __vector_33
                0x000000c6                __vector_4
                0x000000c6                __vector_9
                0x000000c6                __vector_21
                0x000000c6                __vector_15
                0x000000c6                __vector_29
                0x000000c6                __vector_26
                0x000000c6                __vector_14
                0x000000c6                __vector_16
                0x000000c6                __vector_20
 .text          0x000000ca      0x25a Communication/Mu/Mu.o
                0x000000ca                MuSetup
                0x0000013c                MuInitialize
 .text          0x00000324      0x268 Communication/RemoteControl/RCReceive.o
                0x00000324                CtrlDataInitialize
                0x00000376                GetControllerData
                0x000003bc                ControllerDataReset
                0x00000402                __vector_18
                0x000004f0                __vector_10
 .text          0x0000058c      0x2b4 Communication/RingBuffer/Ringbuffer.o
                0x0000058c                RingBufferInitialize
                0x000005fe                RingPutChar
                0x0000071a                RingSetChar
                0x000007f2                BufferChecker
 .text          0x00000840      0xb3e Communication/RS485/RS485.o
                0x00000840                RS485Initialize
                0x0000090e                RS485_Select
                0x00000a48                MotorHubUpdate
                0x00000d4c                LedHubUpdate
                0x00000ffc                AirHubUpdate
                0x00001144                __vector_30
                0x00001282                __vector_31
                0x00001316                __vector_32
 .text          0x0000137e      0x2e0 Communication/Uart/Uart.o
                0x0000137e                UartSetup
 .text          0x0000165e      0x426 Input/Encoder/Encoder.o
                0x0000165e                EncoderSetup
                0x00001684                EncoderInitialize
                0x000018a4                ClearEncoder0
                0x000018ba                ClearEncoder1
                0x000018d0                ClearEncoder2
                0x000018e6                ClearEncoder3
                0x000018fc                ClearEncoder4
                0x00001912                ClearEncoder5
                0x00001928                __vector_1
                0x00001962                __vector_2
                0x0000199c                __vector_5
                0x000019d6                __vector_6
                0x00001a10                __vector_7
                0x00001a4a                __vector_8
 .text          0x00001a84      0x34e Input/Exint/Exint.o
                0x00001a84                ExintSetup
 .text          0x00001dd2      0x19e Input/Sensor/Sensor.o
                0x00001dd2                SensorInitialize
                0x00001ed2                GetSensorStatus
 .text          0x00001f70      0x492 Input/Switch/Switch.o
                0x00001f70                SwitchInitialize
                0x00002140                DipSwitchInitialize
                0x0000221e                GetSwitchStatus
                0x0000234c                SwitchStatusReset
                0x0000237c                GetDipSwitchStatus
 .text          0x00002402       0x16 main.o
                0x00002402                main
 .text          0x00002418      0x250 Output/Air/Air.o
                0x00002418                AirInitialize
                0x000024e0                AirUpdate
 .text          0x00002668       0xac Output/Buzzer/Buzzer.o
                0x00002668                BuzzerInitialize
                0x000026ae                BuzzerUpdate
 .text          0x00002714      0x250 Output/Led/Led.o
                0x00002714                LedInitialize
                0x000027dc                LedUpdate
 .text          0x00002964      0x6a6 Output/Motor/Motor.o
                0x00002964                MotorSetup
                0x000029a2                MotorInitialize
                0x00002a84                MotorUpdate
                0x00002dde                PwmSetter
 .text          0x0000300a       0x5e System/Initialize/Initialize.o
                0x0000300a                SystemInitialize
 .text          0x00003068     0x1780 System/Process/Process.o
                0x00003068                ProcessJobInitialize
                0x0000325c                SystemProcess
 .text          0x000047e8      0x39e System/Safety/Safety.o
                0x000047e8                SafetySetup
                0x00004826                SafetyChecker
 .text          0x00004b86      0x644 System/Setup/Setup.o
                0x00004b86                SystemSetup
 .text          0x000051ca        0x0 System/WDT/WDT.o
 .text          0x000051ca        0x0 c:/program files (x86)/atmel/avr studio 5.0/avr toolchain/bin/../lib/gcc/avr/4.5.1/avr5\libgcc.a(_exit.o)
 .text          0x000051ca        0x0 c:/program files (x86)/atmel/avr studio 5.0/avr toolchain/bin/../lib/gcc/avr/4.5.1/avr5\libgcc.a(_copy_data.o)
 .text          0x000051ca        0x0 c:/program files (x86)/atmel/avr studio 5.0/avr toolchain/bin/../lib/gcc/avr/4.5.1/avr5\libgcc.a(_clear_bss.o)
 .text          0x000051ca       0x58 c:/program files (x86)/atmel/avr studio 5.0/avr toolchain/bin/../lib/gcc/avr/4.5.1/avr5\libgcc.a(_fixunssfsi.o)
                0x000051ca                __fixunssfsi
 .text          0x00005222      0x350 c:/program files (x86)/atmel/avr studio 5.0/avr toolchain/bin/../lib/gcc/avr/4.5.1/avr5\libgcc.a(_addsub_sf.o)
                0x000054b6                __addsf3
                0x00005510                __subsf3
 .text          0x00005572      0x1f4 c:/program files (x86)/atmel/avr studio 5.0/avr toolchain/bin/../lib/gcc/avr/4.5.1/avr5\libgcc.a(_mul_sf.o)
                0x00005572                __mulsf3
 .text          0x00005766       0x60 c:/program files (x86)/atmel/avr studio 5.0/avr toolchain/bin/../lib/gcc/avr/4.5.1/avr5\libgcc.a(_ge_sf.o)
                0x00005766                __gesf2
 .text          0x000057c6       0xc0 c:/program files (x86)/atmel/avr studio 5.0/avr toolchain/bin/../lib/gcc/avr/4.5.1/avr5\libgcc.a(_si_to_sf.o)
                0x000057c6                __floatsisf
 .text          0x00005886       0xa4 c:/program files (x86)/atmel/avr studio 5.0/avr toolchain/bin/../lib/gcc/avr/4.5.1/avr5\libgcc.a(_sf_to_si.o)
                0x00005886                __fixsfsi
 .text          0x0000592a        0x0 c:/program files (x86)/atmel/avr studio 5.0/avr toolchain/bin/../lib/gcc/avr/4.5.1/avr5\libgcc.a(_thenan_sf.o)
 .text          0x0000592a       0xf0 c:/program files (x86)/atmel/avr studio 5.0/avr toolchain/bin/../lib/gcc/avr/4.5.1/avr5\libgcc.a(_usi_to_sf.o)
                0x0000592a                __floatunsisf
 .text          0x00005a1a        0x0 c:/program files (x86)/atmel/avr studio 5.0/avr toolchain/bin/../lib/gcc/avr/4.5.1/avr5\libgcc.a(_prologue.o)
 .text          0x00005a1a        0x0 c:/program files (x86)/atmel/avr studio 5.0/avr toolchain/bin/../lib/gcc/avr/4.5.1/avr5\libgcc.a(_epilogue.o)
 .text          0x00005a1a       0xb4 c:/program files (x86)/atmel/avr studio 5.0/avr toolchain/bin/../lib/gcc/avr/4.5.1/avr5\libgcc.a(_clzsi2.o)
                0x00005a1a                __clzsi2
 .text          0x00005ace      0x19c c:/program files (x86)/atmel/avr studio 5.0/avr toolchain/bin/../lib/gcc/avr/4.5.1/avr5\libgcc.a(_pack_sf.o)
                0x00005ace                __pack_f
 .text          0x00005c6a       0xd2 c:/program files (x86)/atmel/avr studio 5.0/avr toolchain/bin/../lib/gcc/avr/4.5.1/avr5\libgcc.a(_unpack_sf.o)
                0x00005c6a                __unpack_f
 .text          0x00005d3c       0xb2 c:/program files (x86)/atmel/avr studio 5.0/avr toolchain/bin/../lib/gcc/avr/4.5.1/avr5\libgcc.a(_fpcmp_parts_sf.o)
                0x00005d3c                __fpcmp_parts_f
 .text          0x00005dee        0x0 c:/program files (x86)/atmel/avr studio 5.0/avr toolchain/bin/../lib/gcc/avr/4.5.1/avr5\libgcc.a(_clz.o)
 .text          0x00005dee        0x0 c:/program files (x86)/atmel/avr studio 5.0/avr toolchain/bin/../lib/gcc/avr/4.5.1/../../../../avr/lib/avr5\libc.a(sqrt.o)
 .text          0x00005dee        0x0 c:/program files (x86)/atmel/avr studio 5.0/avr toolchain/bin/../lib/gcc/avr/4.5.1/../../../../avr/lib/avr5\libc.a(fp_mpack.o)
 .text          0x00005dee        0x0 c:/program files (x86)/atmel/avr studio 5.0/avr toolchain/bin/../lib/gcc/avr/4.5.1/../../../../avr/lib/avr5\libc.a(fp_nan.o)
 .text          0x00005dee        0x0 c:/program files (x86)/atmel/avr studio 5.0/avr toolchain/bin/../lib/gcc/avr/4.5.1/../../../../avr/lib/avr5\libc.a(fp_norm2.o)
 .text          0x00005dee        0x0 c:/program files (x86)/atmel/avr studio 5.0/avr toolchain/bin/../lib/gcc/avr/4.5.1/../../../../avr/lib/avr5\libc.a(fp_split3.o)
                0x00005dee                . = ALIGN (0x2)
 *(.text.*)
 .text.libgcc   0x00005dee        0x0 c:/program files (x86)/atmel/avr studio 5.0/avr toolchain/bin/../lib/gcc/avr/4.5.1/avr5\libgcc.a(_exit.o)
 .text.libgcc   0x00005dee        0x0 c:/program files (x86)/atmel/avr studio 5.0/avr toolchain/bin/../lib/gcc/avr/4.5.1/avr5\libgcc.a(_copy_data.o)
 .text.libgcc   0x00005dee        0x0 c:/program files (x86)/atmel/avr studio 5.0/avr toolchain/bin/../lib/gcc/avr/4.5.1/avr5\libgcc.a(_clear_bss.o)
 .text.libgcc   0x00005dee       0x38 c:/program files (x86)/atmel/avr studio 5.0/avr toolchain/bin/../lib/gcc/avr/4.5.1/avr5\libgcc.a(_prologue.o)
                0x00005dee                __prologue_saves__
 .text.libgcc   0x00005e26       0x36 c:/program files (x86)/atmel/avr studio 5.0/avr toolchain/bin/../lib/gcc/avr/4.5.1/avr5\libgcc.a(_epilogue.o)
                0x00005e26                __epilogue_restores__
 .text.avr-libc.fplib
                0x00005e5c       0x84 c:/program files (x86)/atmel/avr studio 5.0/avr toolchain/bin/../lib/gcc/avr/4.5.1/../../../../avr/lib/avr5\libc.a(sqrt.o)
                0x00005e64                sqrt
 .text.avr-libc.fplib
                0x00005ee0       0x1c c:/program files (x86)/atmel/avr studio 5.0/avr toolchain/bin/../lib/gcc/avr/4.5.1/../../../../avr/lib/avr5\libc.a(fp_mpack.o)
                0x00005ee0                __fp_mpack
                0x00005ee4                __fp_mpack_finite
 .text.avr-libc.fplib
                0x00005efc        0x6 c:/program files (x86)/atmel/avr studio 5.0/avr toolchain/bin/../lib/gcc/avr/4.5.1/../../../../avr/lib/avr5\libc.a(fp_nan.o)
                0x00005efc                __fp_nan
 .text.avr-libc.fplib
                0x00005f02        0xe c:/program files (x86)/atmel/avr studio 5.0/avr toolchain/bin/../lib/gcc/avr/4.5.1/../../../../avr/lib/avr5\libc.a(fp_norm2.o)
                0x00005f02                __fp_norm2
 .text.avr-libc.fplib
                0x00005f10       0x44 c:/program files (x86)/atmel/avr studio 5.0/avr toolchain/bin/../lib/gcc/avr/4.5.1/../../../../avr/lib/avr5\libc.a(fp_split3.o)
                0x00005f10                __fp_split3
                0x00005f20                __fp_splitA
                0x00005f54                . = ALIGN (0x2)
 *(.fini9)
 .fini9         0x00005f54        0x0 c:/program files (x86)/atmel/avr studio 5.0/avr toolchain/bin/../lib/gcc/avr/4.5.1/avr5\libgcc.a(_exit.o)
                0x00005f54                _exit
                0x00005f54                exit
 *(.fini9)
 *(.fini8)
 *(.fini8)
 *(.fini7)
 *(.fini7)
 *(.fini6)
 *(.fini6)
 *(.fini5)
 *(.fini5)
 *(.fini4)
 *(.fini4)
 *(.fini3)
 *(.fini3)
 *(.fini2)
 *(.fini2)
 *(.fini1)
 *(.fini1)
 *(.fini0)
 .fini0         0x00005f54        0x4 c:/program files (x86)/atmel/avr studio 5.0/avr toolchain/bin/../lib/gcc/avr/4.5.1/avr5\libgcc.a(_exit.o)
 *(.fini0)
                0x00005f58                _etext = .

.data           0x00800100      0x172 load address 0x00005f58
                0x00800100                PROVIDE (__data_start, .)
 *(.data)
 .data          0x00800100        0x0 c:/program files (x86)/atmel/avr studio 5.0/avr toolchain/bin/../lib/gcc/avr/4.5.1/../../../../avr/lib/avr5/crtm64.o
 .data          0x00800100       0x52 Communication/Mu/Mu.o
 .data          0x00800152        0x8 Communication/RemoteControl/RCReceive.o
 .data          0x0080015a        0x0 Communication/RingBuffer/Ringbuffer.o
 .data          0x0080015a        0xb Communication/RS485/RS485.o
                0x00800164                LineStatus
 .data          0x00800165        0x0 Communication/Uart/Uart.o
 .data          0x00800165        0x0 Input/Encoder/Encoder.o
 .data          0x00800165        0x0 Input/Exint/Exint.o
 .data          0x00800165        0x0 Input/Sensor/Sensor.o
 .data          0x00800165        0x0 Input/Switch/Switch.o
 .data          0x00800165        0x0 main.o
 .data          0x00800165        0x0 Output/Air/Air.o
 .data          0x00800165        0x0 Output/Buzzer/Buzzer.o
 .data          0x00800165        0x0 Output/Led/Led.o
 .data          0x00800165        0x0 Output/Motor/Motor.o
 .data          0x00800165        0x0 System/Initialize/Initialize.o
 .data          0x00800165        0x4 System/Process/Process.o
 .data          0x00800169        0x0 System/Safety/Safety.o
 .data          0x00800169        0x0 System/Setup/Setup.o
 .data          0x00800169        0x0 System/WDT/WDT.o
 .data          0x00800169        0x0 c:/program files (x86)/atmel/avr studio 5.0/avr toolchain/bin/../lib/gcc/avr/4.5.1/avr5\libgcc.a(_exit.o)
 .data          0x00800169        0x0 c:/program files (x86)/atmel/avr studio 5.0/avr toolchain/bin/../lib/gcc/avr/4.5.1/avr5\libgcc.a(_copy_data.o)
 .data          0x00800169        0x0 c:/program files (x86)/atmel/avr studio 5.0/avr toolchain/bin/../lib/gcc/avr/4.5.1/avr5\libgcc.a(_clear_bss.o)
 .data          0x00800169        0x0 c:/program files (x86)/atmel/avr studio 5.0/avr toolchain/bin/../lib/gcc/avr/4.5.1/avr5\libgcc.a(_fixunssfsi.o)
 .data          0x00800169        0x0 c:/program files (x86)/atmel/avr studio 5.0/avr toolchain/bin/../lib/gcc/avr/4.5.1/avr5\libgcc.a(_addsub_sf.o)
 .data          0x00800169        0x0 c:/program files (x86)/atmel/avr studio 5.0/avr toolchain/bin/../lib/gcc/avr/4.5.1/avr5\libgcc.a(_mul_sf.o)
 .data          0x00800169        0x0 c:/program files (x86)/atmel/avr studio 5.0/avr toolchain/bin/../lib/gcc/avr/4.5.1/avr5\libgcc.a(_ge_sf.o)
 .data          0x00800169        0x0 c:/program files (x86)/atmel/avr studio 5.0/avr toolchain/bin/../lib/gcc/avr/4.5.1/avr5\libgcc.a(_si_to_sf.o)
 .data          0x00800169        0x0 c:/program files (x86)/atmel/avr studio 5.0/avr toolchain/bin/../lib/gcc/avr/4.5.1/avr5\libgcc.a(_sf_to_si.o)
 .data          0x00800169        0x8 c:/program files (x86)/atmel/avr studio 5.0/avr toolchain/bin/../lib/gcc/avr/4.5.1/avr5\libgcc.a(_thenan_sf.o)
                0x00800169                __thenan_sf
 .data          0x00800171        0x0 c:/program files (x86)/atmel/avr studio 5.0/avr toolchain/bin/../lib/gcc/avr/4.5.1/avr5\libgcc.a(_usi_to_sf.o)
 .data          0x00800171        0x0 c:/program files (x86)/atmel/avr studio 5.0/avr toolchain/bin/../lib/gcc/avr/4.5.1/avr5\libgcc.a(_prologue.o)
 .data          0x00800171        0x0 c:/program files (x86)/atmel/avr studio 5.0/avr toolchain/bin/../lib/gcc/avr/4.5.1/avr5\libgcc.a(_epilogue.o)
 .data          0x00800171        0x0 c:/program files (x86)/atmel/avr studio 5.0/avr toolchain/bin/../lib/gcc/avr/4.5.1/avr5\libgcc.a(_clzsi2.o)
 .data          0x00800171        0x0 c:/program files (x86)/atmel/avr studio 5.0/avr toolchain/bin/../lib/gcc/avr/4.5.1/avr5\libgcc.a(_pack_sf.o)
 .data          0x00800171        0x0 c:/program files (x86)/atmel/avr studio 5.0/avr toolchain/bin/../lib/gcc/avr/4.5.1/avr5\libgcc.a(_unpack_sf.o)
 .data          0x00800171        0x0 c:/program files (x86)/atmel/avr studio 5.0/avr toolchain/bin/../lib/gcc/avr/4.5.1/avr5\libgcc.a(_fpcmp_parts_sf.o)
 .data          0x00800171      0x100 c:/program files (x86)/atmel/avr studio 5.0/avr toolchain/bin/../lib/gcc/avr/4.5.1/avr5\libgcc.a(_clz.o)
                0x00800171                __clz_tab
 .data          0x00800271        0x0 c:/program files (x86)/atmel/avr studio 5.0/avr toolchain/bin/../lib/gcc/avr/4.5.1/../../../../avr/lib/avr5\libc.a(sqrt.o)
 .data          0x00800271        0x0 c:/program files (x86)/atmel/avr studio 5.0/avr toolchain/bin/../lib/gcc/avr/4.5.1/../../../../avr/lib/avr5\libc.a(fp_mpack.o)
 .data          0x00800271        0x0 c:/program files (x86)/atmel/avr studio 5.0/avr toolchain/bin/../lib/gcc/avr/4.5.1/../../../../avr/lib/avr5\libc.a(fp_nan.o)
 .data          0x00800271        0x0 c:/program files (x86)/atmel/avr studio 5.0/avr toolchain/bin/../lib/gcc/avr/4.5.1/../../../../avr/lib/avr5\libc.a(fp_norm2.o)
 .data          0x00800271        0x0 c:/program files (x86)/atmel/avr studio 5.0/avr toolchain/bin/../lib/gcc/avr/4.5.1/../../../../avr/lib/avr5\libc.a(fp_split3.o)
 *(.data*)
 *(.rodata)
 *(.rodata*)
 *(.gnu.linkonce.d*)
                0x00800272                . = ALIGN (0x2)
 *fill*         0x00800271        0x1 00
                0x00800272                _edata = .
                0x00800272                PROVIDE (__data_end, .)

.bss            0x00800272      0x381
                0x00800272                PROVIDE (__bss_start, .)
 *(.bss)
 .bss           0x00800272        0x0 c:/program files (x86)/atmel/avr studio 5.0/avr toolchain/bin/../lib/gcc/avr/4.5.1/../../../../avr/lib/avr5/crtm64.o
 .bss           0x00800272       0x11 Communication/Mu/Mu.o
 .bss           0x00800283       0x25 Communication/RemoteControl/RCReceive.o
 .bss           0x008002a8        0x0 Communication/RingBuffer/Ringbuffer.o
 .bss           0x008002a8      0x128 Communication/RS485/RS485.o
 .bss           0x008003d0        0x0 Communication/Uart/Uart.o
 .bss           0x008003d0        0x0 Input/Encoder/Encoder.o
 .bss           0x008003d0        0x0 Input/Exint/Exint.o
 .bss           0x008003d0        0x0 Input/Sensor/Sensor.o
 .bss           0x008003d0        0x0 Input/Switch/Switch.o
 .bss           0x008003d0        0x0 main.o
 .bss           0x008003d0        0x0 Output/Air/Air.o
 .bss           0x008003d0        0x0 Output/Buzzer/Buzzer.o
 .bss           0x008003d0        0x0 Output/Led/Led.o
 .bss           0x008003d0        0x0 Output/Motor/Motor.o
 .bss           0x008003d0        0x0 System/Initialize/Initialize.o
 .bss           0x008003d0       0xd7 System/Process/Process.o
 .bss           0x008004a7        0x0 System/Safety/Safety.o
 .bss           0x008004a7        0x0 System/Setup/Setup.o
 .bss           0x008004a7        0x0 System/WDT/WDT.o
 .bss           0x008004a7        0x0 c:/program files (x86)/atmel/avr studio 5.0/avr toolchain/bin/../lib/gcc/avr/4.5.1/avr5\libgcc.a(_exit.o)
 .bss           0x008004a7        0x0 c:/program files (x86)/atmel/avr studio 5.0/avr toolchain/bin/../lib/gcc/avr/4.5.1/avr5\libgcc.a(_copy_data.o)
 .bss           0x008004a7        0x0 c:/program files (x86)/atmel/avr studio 5.0/avr toolchain/bin/../lib/gcc/avr/4.5.1/avr5\libgcc.a(_clear_bss.o)
 .bss           0x008004a7        0x0 c:/program files (x86)/atmel/avr studio 5.0/avr toolchain/bin/../lib/gcc/avr/4.5.1/avr5\libgcc.a(_fixunssfsi.o)
 .bss           0x008004a7        0x0 c:/program files (x86)/atmel/avr studio 5.0/avr toolchain/bin/../lib/gcc/avr/4.5.1/avr5\libgcc.a(_addsub_sf.o)
 .bss           0x008004a7        0x0 c:/program files (x86)/atmel/avr studio 5.0/avr toolchain/bin/../lib/gcc/avr/4.5.1/avr5\libgcc.a(_mul_sf.o)
 .bss           0x008004a7        0x0 c:/program files (x86)/atmel/avr studio 5.0/avr toolchain/bin/../lib/gcc/avr/4.5.1/avr5\libgcc.a(_ge_sf.o)
 .bss           0x008004a7        0x0 c:/program files (x86)/atmel/avr studio 5.0/avr toolchain/bin/../lib/gcc/avr/4.5.1/avr5\libgcc.a(_si_to_sf.o)
 .bss           0x008004a7        0x0 c:/program files (x86)/atmel/avr studio 5.0/avr toolchain/bin/../lib/gcc/avr/4.5.1/avr5\libgcc.a(_sf_to_si.o)
 .bss           0x008004a7        0x0 c:/program files (x86)/atmel/avr studio 5.0/avr toolchain/bin/../lib/gcc/avr/4.5.1/avr5\libgcc.a(_thenan_sf.o)
 .bss           0x008004a7        0x0 c:/program files (x86)/atmel/avr studio 5.0/avr toolchain/bin/../lib/gcc/avr/4.5.1/avr5\libgcc.a(_usi_to_sf.o)
 .bss           0x008004a7        0x0 c:/program files (x86)/atmel/avr studio 5.0/avr toolchain/bin/../lib/gcc/avr/4.5.1/avr5\libgcc.a(_prologue.o)
 .bss           0x008004a7        0x0 c:/program files (x86)/atmel/avr studio 5.0/avr toolchain/bin/../lib/gcc/avr/4.5.1/avr5\libgcc.a(_epilogue.o)
 .bss           0x008004a7        0x0 c:/program files (x86)/atmel/avr studio 5.0/avr toolchain/bin/../lib/gcc/avr/4.5.1/avr5\libgcc.a(_clzsi2.o)
 .bss           0x008004a7        0x0 c:/program files (x86)/atmel/avr studio 5.0/avr toolchain/bin/../lib/gcc/avr/4.5.1/avr5\libgcc.a(_pack_sf.o)
 .bss           0x008004a7        0x0 c:/program files (x86)/atmel/avr studio 5.0/avr toolchain/bin/../lib/gcc/avr/4.5.1/avr5\libgcc.a(_unpack_sf.o)
 .bss           0x008004a7        0x0 c:/program files (x86)/atmel/avr studio 5.0/avr toolchain/bin/../lib/gcc/avr/4.5.1/avr5\libgcc.a(_fpcmp_parts_sf.o)
 .bss           0x008004a7        0x0 c:/program files (x86)/atmel/avr studio 5.0/avr toolchain/bin/../lib/gcc/avr/4.5.1/avr5\libgcc.a(_clz.o)
 .bss           0x008004a7        0x0 c:/program files (x86)/atmel/avr studio 5.0/avr toolchain/bin/../lib/gcc/avr/4.5.1/../../../../avr/lib/avr5\libc.a(sqrt.o)
 .bss           0x008004a7        0x0 c:/program files (x86)/atmel/avr studio 5.0/avr toolchain/bin/../lib/gcc/avr/4.5.1/../../../../avr/lib/avr5\libc.a(fp_mpack.o)
 .bss           0x008004a7        0x0 c:/program files (x86)/atmel/avr studio 5.0/avr toolchain/bin/../lib/gcc/avr/4.5.1/../../../../avr/lib/avr5\libc.a(fp_nan.o)
 .bss           0x008004a7        0x0 c:/program files (x86)/atmel/avr studio 5.0/avr toolchain/bin/../lib/gcc/avr/4.5.1/../../../../avr/lib/avr5\libc.a(fp_norm2.o)
 .bss           0x008004a7        0x0 c:/program files (x86)/atmel/avr studio 5.0/avr toolchain/bin/../lib/gcc/avr/4.5.1/../../../../avr/lib/avr5\libc.a(fp_split3.o)
 *(.bss*)
 *(COMMON)
 COMMON         0x008004a7        0x1 Communication/RemoteControl/RCReceive.o
                0x008004a7                CtrlLost
 COMMON         0x008004a8       0x28 Communication/RS485/RS485.o
                0x008004a8                LedHubArray
                0x008004b8                MotorHubArray
                0x008004c8                AirHubArray
 COMMON         0x008004d0       0x18 Communication/Uart/Uart.o
                0x008004d0                UartSend
                0x008004d8                UartReceive
                0x008004e0                UartInitialize
 COMMON         0x008004e8       0x18 Input/Encoder/Encoder.o
                0x008004e8                EncoderTimerInitialize
                0x008004f4                EncoderArray
 COMMON         0x00800500       0x10 Input/Exint/Exint.o
                0x00800500                ExintInitialize
 COMMON         0x00800510        0x4 Input/Sensor/Sensor.o
                0x00800510                SensorArray
 COMMON         0x00800514        0x8 Input/Switch/Switch.o
                0x00800514                SwitchArray
 COMMON         0x0080051c        0xc Output/Air/Air.o
                0x0080051c                AirFunctions
                0x00800524                AirArray
 COMMON         0x00800528        0x1 Output/Buzzer/Buzzer.o
                0x00800528                BuzzerStatus
 COMMON         0x00800529       0x16 Output/Led/Led.o
                0x00800529                Led4bitPack
                0x00800533                LedFunctions
                0x0080053b                LedArray
 COMMON         0x0080053f       0x14 Output/Motor/Motor.o
                0x0080053f                MotorArray
                0x00800543                PwmTimerInitialize
                0x0080054f                MotorFunctions
 COMMON         0x00800553       0x12 System/Safety/Safety.o
                0x00800553                buzzerPatternStatus
                0x00800554                powerLost
                0x00800555                buzzerCount
                0x00800557                SafetyInitialize
                0x00800563                buzzerStatus
                0x00800564                buzzerStopFlag
 COMMON         0x00800565       0x8e System/Setup/Setup.o
                0x00800565                TIMER
                0x008005a9                IO
                0x008005d3                USART
                0x008005eb                EXINT
                0x008005f3                PROVIDE (__bss_end, .)
                0x00005f58                __data_load_start = LOADADDR (.data)
                0x000060ca                __data_load_end = (__data_load_start + SIZEOF (.data))

.noinit         0x008005f3        0x0
                0x008005f3                PROVIDE (__noinit_start, .)
 *(.noinit*)
                0x008005f3                PROVIDE (__noinit_end, .)
                0x008005f3                _end = .
                0x008005f3                PROVIDE (__heap_start, .)

.eeprom         0x00810000        0x0
 *(.eeprom*)
                0x00810000                __eeprom_end = .

.fuse
 *(.fuse)
 *(.lfuse)
 *(.hfuse)
 *(.efuse)

.lock
 *(.lock*)

.signature
 *(.signature*)

.stab           0x00000000      0xdb0
 *(.stab)
 .stab          0x00000000      0x6cc c:/program files (x86)/atmel/avr studio 5.0/avr toolchain/bin/../lib/gcc/avr/4.5.1/../../../../avr/lib/avr5/crtm64.o
 .stab          0x000006cc      0x354 c:/program files (x86)/atmel/avr studio 5.0/avr toolchain/bin/../lib/gcc/avr/4.5.1/../../../../avr/lib/avr5\libc.a(sqrt.o)
                                0x360 (size before relaxing)
 .stab          0x00000a20       0xe4 c:/program files (x86)/atmel/avr studio 5.0/avr toolchain/bin/../lib/gcc/avr/4.5.1/../../../../avr/lib/avr5\libc.a(fp_mpack.o)
                                 0xf0 (size before relaxing)
 .stab          0x00000b04       0x54 c:/program files (x86)/atmel/avr studio 5.0/avr toolchain/bin/../lib/gcc/avr/4.5.1/../../../../avr/lib/avr5\libc.a(fp_nan.o)
                                 0x60 (size before relaxing)
 .stab          0x00000b58       0x84 c:/program files (x86)/atmel/avr studio 5.0/avr toolchain/bin/../lib/gcc/avr/4.5.1/../../../../avr/lib/avr5\libc.a(fp_norm2.o)
                                 0x90 (size before relaxing)
 .stab          0x00000bdc      0x1d4 c:/program files (x86)/atmel/avr studio 5.0/avr toolchain/bin/../lib/gcc/avr/4.5.1/../../../../avr/lib/avr5\libc.a(fp_split3.o)
                                0x1e0 (size before relaxing)

.stabstr        0x00000000      0x26f
 *(.stabstr)
 .stabstr       0x00000000      0x26f c:/program files (x86)/atmel/avr studio 5.0/avr toolchain/bin/../lib/gcc/avr/4.5.1/../../../../avr/lib/avr5/crtm64.o

.stab.excl
 *(.stab.excl)

.stab.exclstr
 *(.stab.exclstr)

.stab.index
 *(.stab.index)

.stab.indexstr
 *(.stab.indexstr)

.comment
 *(.comment)

.debug
 *(.debug)

.line
 *(.line)

.debug_srcinfo
 *(.debug_srcinfo)

.debug_sfnames
 *(.debug_sfnames)

.debug_aranges  0x00000000      0x3a0
 *(.debug_aranges)
 .debug_aranges
                0x00000000       0x20 Communication/Mu/Mu.o
 .debug_aranges
                0x00000020       0x20 Communication/RemoteControl/RCReceive.o
 .debug_aranges
                0x00000040       0x20 Communication/RingBuffer/Ringbuffer.o
 .debug_aranges
                0x00000060       0x20 Communication/RS485/RS485.o
 .debug_aranges
                0x00000080       0x20 Communication/Uart/Uart.o
 .debug_aranges
                0x000000a0       0x20 Input/Encoder/Encoder.o
 .debug_aranges
                0x000000c0       0x20 Input/Exint/Exint.o
 .debug_aranges
                0x000000e0       0x20 Input/Sensor/Sensor.o
 .debug_aranges
                0x00000100       0x20 Input/Switch/Switch.o
 .debug_aranges
                0x00000120       0x20 main.o
 .debug_aranges
                0x00000140       0x20 Output/Air/Air.o
 .debug_aranges
                0x00000160       0x20 Output/Buzzer/Buzzer.o
 .debug_aranges
                0x00000180       0x20 Output/Led/Led.o
 .debug_aranges
                0x000001a0       0x20 Output/Motor/Motor.o
 .debug_aranges
                0x000001c0       0x20 System/Initialize/Initialize.o
 .debug_aranges
                0x000001e0       0x20 System/Process/Process.o
 .debug_aranges
                0x00000200       0x20 System/Safety/Safety.o
 .debug_aranges
                0x00000220       0x20 System/Setup/Setup.o
 .debug_aranges
                0x00000240       0x20 c:/program files (x86)/atmel/avr studio 5.0/avr toolchain/bin/../lib/gcc/avr/4.5.1/avr5\libgcc.a(_fixunssfsi.o)
 .debug_aranges
                0x00000260       0x20 c:/program files (x86)/atmel/avr studio 5.0/avr toolchain/bin/../lib/gcc/avr/4.5.1/avr5\libgcc.a(_addsub_sf.o)
 .debug_aranges
                0x00000280       0x20 c:/program files (x86)/atmel/avr studio 5.0/avr toolchain/bin/../lib/gcc/avr/4.5.1/avr5\libgcc.a(_mul_sf.o)
 .debug_aranges
                0x000002a0       0x20 c:/program files (x86)/atmel/avr studio 5.0/avr toolchain/bin/../lib/gcc/avr/4.5.1/avr5\libgcc.a(_ge_sf.o)
 .debug_aranges
                0x000002c0       0x20 c:/program files (x86)/atmel/avr studio 5.0/avr toolchain/bin/../lib/gcc/avr/4.5.1/avr5\libgcc.a(_si_to_sf.o)
 .debug_aranges
                0x000002e0       0x20 c:/program files (x86)/atmel/avr studio 5.0/avr toolchain/bin/../lib/gcc/avr/4.5.1/avr5\libgcc.a(_sf_to_si.o)
 .debug_aranges
                0x00000300       0x20 c:/program files (x86)/atmel/avr studio 5.0/avr toolchain/bin/../lib/gcc/avr/4.5.1/avr5\libgcc.a(_usi_to_sf.o)
 .debug_aranges
                0x00000320       0x20 c:/program files (x86)/atmel/avr studio 5.0/avr toolchain/bin/../lib/gcc/avr/4.5.1/avr5\libgcc.a(_clzsi2.o)
 .debug_aranges
                0x00000340       0x20 c:/program files (x86)/atmel/avr studio 5.0/avr toolchain/bin/../lib/gcc/avr/4.5.1/avr5\libgcc.a(_pack_sf.o)
 .debug_aranges
                0x00000360       0x20 c:/program files (x86)/atmel/avr studio 5.0/avr toolchain/bin/../lib/gcc/avr/4.5.1/avr5\libgcc.a(_unpack_sf.o)
 .debug_aranges
                0x00000380       0x20 c:/program files (x86)/atmel/avr studio 5.0/avr toolchain/bin/../lib/gcc/avr/4.5.1/avr5\libgcc.a(_fpcmp_parts_sf.o)

.debug_pubnames
                0x00000000      0x91f
 *(.debug_pubnames)
 .debug_pubnames
                0x00000000       0x2f Communication/Mu/Mu.o
 .debug_pubnames
                0x0000002f       0x84 Communication/RemoteControl/RCReceive.o
 .debug_pubnames
                0x000000b3       0x5d Communication/RingBuffer/Ringbuffer.o
 .debug_pubnames
                0x00000110       0xdd Communication/RS485/RS485.o
 .debug_pubnames
                0x000001ed       0x50 Communication/Uart/Uart.o
 .debug_pubnames
                0x0000023d      0x12b Input/Encoder/Encoder.o
 .debug_pubnames
                0x00000368       0x35 Input/Exint/Exint.o
 .debug_pubnames
                0x0000039d       0x4b Input/Sensor/Sensor.o
 .debug_pubnames
                0x000003e8       0x90 Input/Switch/Switch.o
 .debug_pubnames
                0x00000478       0x1b main.o
 .debug_pubnames
                0x00000493       0x50 Output/Air/Air.o
 .debug_pubnames
                0x000004e3       0x49 Output/Buzzer/Buzzer.o
 .debug_pubnames
                0x0000052c       0x60 Output/Led/Led.o
 .debug_pubnames
                0x0000058c       0x8c Output/Motor/Motor.o
 .debug_pubnames
                0x00000618       0x27 System/Initialize/Initialize.o
 .debug_pubnames
                0x0000063f       0x3d System/Process/Process.o
 .debug_pubnames
                0x0000067c       0xa3 System/Safety/Safety.o
 .debug_pubnames
                0x0000071f       0x47 System/Setup/Setup.o
 .debug_pubnames
                0x00000766       0x23 c:/program files (x86)/atmel/avr studio 5.0/avr toolchain/bin/../lib/gcc/avr/4.5.1/avr5\libgcc.a(_fixunssfsi.o)
 .debug_pubnames
                0x00000789       0x2c c:/program files (x86)/atmel/avr studio 5.0/avr toolchain/bin/../lib/gcc/avr/4.5.1/avr5\libgcc.a(_addsub_sf.o)
 .debug_pubnames
                0x000007b5       0x1f c:/program files (x86)/atmel/avr studio 5.0/avr toolchain/bin/../lib/gcc/avr/4.5.1/avr5\libgcc.a(_mul_sf.o)
 .debug_pubnames
                0x000007d4       0x1e c:/program files (x86)/atmel/avr studio 5.0/avr toolchain/bin/../lib/gcc/avr/4.5.1/avr5\libgcc.a(_ge_sf.o)
 .debug_pubnames
                0x000007f2       0x22 c:/program files (x86)/atmel/avr studio 5.0/avr toolchain/bin/../lib/gcc/avr/4.5.1/avr5\libgcc.a(_si_to_sf.o)
 .debug_pubnames
                0x00000814       0x20 c:/program files (x86)/atmel/avr studio 5.0/avr toolchain/bin/../lib/gcc/avr/4.5.1/avr5\libgcc.a(_sf_to_si.o)
 .debug_pubnames
                0x00000834       0x22 c:/program files (x86)/atmel/avr studio 5.0/avr toolchain/bin/../lib/gcc/avr/4.5.1/avr5\libgcc.a(_thenan_sf.o)
 .debug_pubnames
                0x00000856       0x24 c:/program files (x86)/atmel/avr studio 5.0/avr toolchain/bin/../lib/gcc/avr/4.5.1/avr5\libgcc.a(_usi_to_sf.o)
 .debug_pubnames
                0x0000087a       0x1f c:/program files (x86)/atmel/avr studio 5.0/avr toolchain/bin/../lib/gcc/avr/4.5.1/avr5\libgcc.a(_clzsi2.o)
 .debug_pubnames
                0x00000899       0x1f c:/program files (x86)/atmel/avr studio 5.0/avr toolchain/bin/../lib/gcc/avr/4.5.1/avr5\libgcc.a(_pack_sf.o)
 .debug_pubnames
                0x000008b8       0x21 c:/program files (x86)/atmel/avr studio 5.0/avr toolchain/bin/../lib/gcc/avr/4.5.1/avr5\libgcc.a(_unpack_sf.o)
 .debug_pubnames
                0x000008d9       0x26 c:/program files (x86)/atmel/avr studio 5.0/avr toolchain/bin/../lib/gcc/avr/4.5.1/avr5\libgcc.a(_fpcmp_parts_sf.o)
 .debug_pubnames
                0x000008ff       0x20 c:/program files (x86)/atmel/avr studio 5.0/avr toolchain/bin/../lib/gcc/avr/4.5.1/avr5\libgcc.a(_clz.o)

.debug_info     0x00000000     0x5a58
 *(.debug_info)
 .debug_info    0x00000000      0x24b Communication/Mu/Mu.o
 .debug_info    0x0000024b      0x4c7 Communication/RemoteControl/RCReceive.o
 .debug_info    0x00000712      0x1d2 Communication/RingBuffer/Ringbuffer.o
 .debug_info    0x000008e4      0x79c Communication/RS485/RS485.o
 .debug_info    0x00001080      0x2ff Communication/Uart/Uart.o
 .debug_info    0x0000137f      0x4a2 Input/Encoder/Encoder.o
 .debug_info    0x00001821      0x1ba Input/Exint/Exint.o
 .debug_info    0x000019db      0x19f Input/Sensor/Sensor.o
 .debug_info    0x00001b7a      0x214 Input/Switch/Switch.o
 .debug_info    0x00001d8e       0x77 main.o
 .debug_info    0x00001e05      0x290 Output/Air/Air.o
 .debug_info    0x00002095      0x1a4 Output/Buzzer/Buzzer.o
 .debug_info    0x00002239      0x2ce Output/Led/Led.o
 .debug_info    0x00002507      0x572 Output/Motor/Motor.o
 .debug_info    0x00002a79       0xa5 System/Initialize/Initialize.o
 .debug_info    0x00002b1e      0x966 System/Process/Process.o
 .debug_info    0x00003484      0x461 System/Safety/Safety.o
 .debug_info    0x000038e5      0x431 System/Setup/Setup.o
 .debug_info    0x00003d16       0x5e System/WDT/WDT.o
 .debug_info    0x00003d74       0xbd c:/program files (x86)/atmel/avr studio 5.0/avr toolchain/bin/../lib/gcc/avr/4.5.1/avr5\libgcc.a(_fixunssfsi.o)
 .debug_info    0x00003e31      0x455 c:/program files (x86)/atmel/avr studio 5.0/avr toolchain/bin/../lib/gcc/avr/4.5.1/avr5\libgcc.a(_addsub_sf.o)
 .debug_info    0x00004286      0x3ec c:/program files (x86)/atmel/avr studio 5.0/avr toolchain/bin/../lib/gcc/avr/4.5.1/avr5\libgcc.a(_mul_sf.o)
 .debug_info    0x00004672      0x28a c:/program files (x86)/atmel/avr studio 5.0/avr toolchain/bin/../lib/gcc/avr/4.5.1/avr5\libgcc.a(_ge_sf.o)
 .debug_info    0x000048fc      0x22f c:/program files (x86)/atmel/avr studio 5.0/avr toolchain/bin/../lib/gcc/avr/4.5.1/avr5\libgcc.a(_si_to_sf.o)
 .debug_info    0x00004b2b      0x2a5 c:/program files (x86)/atmel/avr studio 5.0/avr toolchain/bin/../lib/gcc/avr/4.5.1/avr5\libgcc.a(_sf_to_si.o)
 .debug_info    0x00004dd0      0x15e c:/program files (x86)/atmel/avr studio 5.0/avr toolchain/bin/../lib/gcc/avr/4.5.1/avr5\libgcc.a(_thenan_sf.o)
 .debug_info    0x00004f2e      0x232 c:/program files (x86)/atmel/avr studio 5.0/avr toolchain/bin/../lib/gcc/avr/4.5.1/avr5\libgcc.a(_usi_to_sf.o)
 .debug_info    0x00005160      0x12c c:/program files (x86)/atmel/avr studio 5.0/avr toolchain/bin/../lib/gcc/avr/4.5.1/avr5\libgcc.a(_clzsi2.o)
 .debug_info    0x0000528c      0x2d9 c:/program files (x86)/atmel/avr studio 5.0/avr toolchain/bin/../lib/gcc/avr/4.5.1/avr5\libgcc.a(_pack_sf.o)
 .debug_info    0x00005565      0x25c c:/program files (x86)/atmel/avr studio 5.0/avr toolchain/bin/../lib/gcc/avr/4.5.1/avr5\libgcc.a(_unpack_sf.o)
 .debug_info    0x000057c1      0x1f1 c:/program files (x86)/atmel/avr studio 5.0/avr toolchain/bin/../lib/gcc/avr/4.5.1/avr5\libgcc.a(_fpcmp_parts_sf.o)
 .debug_info    0x000059b2       0xa6 c:/program files (x86)/atmel/avr studio 5.0/avr toolchain/bin/../lib/gcc/avr/4.5.1/avr5\libgcc.a(_clz.o)
 *(.gnu.linkonce.wi.*)

.debug_abbrev   0x00000000     0x227b
 *(.debug_abbrev)
 .debug_abbrev  0x00000000       0xf0 Communication/Mu/Mu.o
 .debug_abbrev  0x000000f0      0x182 Communication/RemoteControl/RCReceive.o
 .debug_abbrev  0x00000272       0xf6 Communication/RingBuffer/Ringbuffer.o
 .debug_abbrev  0x00000368      0x19a Communication/RS485/RS485.o
 .debug_abbrev  0x00000502       0xea Communication/Uart/Uart.o
 .debug_abbrev  0x000005ec      0x130 Input/Encoder/Encoder.o
 .debug_abbrev  0x0000071c       0xc1 Input/Exint/Exint.o
 .debug_abbrev  0x000007dd       0xf8 Input/Sensor/Sensor.o
 .debug_abbrev  0x000008d5      0x113 Input/Switch/Switch.o
 .debug_abbrev  0x000009e8       0x41 main.o
 .debug_abbrev  0x00000a29      0x119 Output/Air/Air.o
 .debug_abbrev  0x00000b42       0xe6 Output/Buzzer/Buzzer.o
 .debug_abbrev  0x00000c28      0x120 Output/Led/Led.o
 .debug_abbrev  0x00000d48      0x196 Output/Motor/Motor.o
 .debug_abbrev  0x00000ede       0x72 System/Initialize/Initialize.o
 .debug_abbrev  0x00000f50      0x1d3 System/Process/Process.o
 .debug_abbrev  0x00001123       0xf5 System/Safety/Safety.o
 .debug_abbrev  0x00001218       0xf9 System/Setup/Setup.o
 .debug_abbrev  0x00001311       0x2a System/WDT/WDT.o
 .debug_abbrev  0x0000133b       0x5d c:/program files (x86)/atmel/avr studio 5.0/avr toolchain/bin/../lib/gcc/avr/4.5.1/avr5\libgcc.a(_fixunssfsi.o)
 .debug_abbrev  0x00001398      0x1af c:/program files (x86)/atmel/avr studio 5.0/avr toolchain/bin/../lib/gcc/avr/4.5.1/avr5\libgcc.a(_addsub_sf.o)
 .debug_abbrev  0x00001547      0x1d9 c:/program files (x86)/atmel/avr studio 5.0/avr toolchain/bin/../lib/gcc/avr/4.5.1/avr5\libgcc.a(_mul_sf.o)
 .debug_abbrev  0x00001720      0x151 c:/program files (x86)/atmel/avr studio 5.0/avr toolchain/bin/../lib/gcc/avr/4.5.1/avr5\libgcc.a(_ge_sf.o)
 .debug_abbrev  0x00001871      0x162 c:/program files (x86)/atmel/avr studio 5.0/avr toolchain/bin/../lib/gcc/avr/4.5.1/avr5\libgcc.a(_si_to_sf.o)
 .debug_abbrev  0x000019d3      0x160 c:/program files (x86)/atmel/avr studio 5.0/avr toolchain/bin/../lib/gcc/avr/4.5.1/avr5\libgcc.a(_sf_to_si.o)
 .debug_abbrev  0x00001b33       0xcb c:/program files (x86)/atmel/avr studio 5.0/avr toolchain/bin/../lib/gcc/avr/4.5.1/avr5\libgcc.a(_thenan_sf.o)
 .debug_abbrev  0x00001bfe      0x173 c:/program files (x86)/atmel/avr studio 5.0/avr toolchain/bin/../lib/gcc/avr/4.5.1/avr5\libgcc.a(_usi_to_sf.o)
 .debug_abbrev  0x00001d71       0xce c:/program files (x86)/atmel/avr studio 5.0/avr toolchain/bin/../lib/gcc/avr/4.5.1/avr5\libgcc.a(_clzsi2.o)
 .debug_abbrev  0x00001e3f      0x185 c:/program files (x86)/atmel/avr studio 5.0/avr toolchain/bin/../lib/gcc/avr/4.5.1/avr5\libgcc.a(_pack_sf.o)
 .debug_abbrev  0x00001fc4      0x14b c:/program files (x86)/atmel/avr studio 5.0/avr toolchain/bin/../lib/gcc/avr/4.5.1/avr5\libgcc.a(_unpack_sf.o)
 .debug_abbrev  0x0000210f      0x10b c:/program files (x86)/atmel/avr studio 5.0/avr toolchain/bin/../lib/gcc/avr/4.5.1/avr5\libgcc.a(_fpcmp_parts_sf.o)
 .debug_abbrev  0x0000221a       0x61 c:/program files (x86)/atmel/avr studio 5.0/avr toolchain/bin/../lib/gcc/avr/4.5.1/avr5\libgcc.a(_clz.o)

.debug_line     0x00000000     0x6209
 *(.debug_line)
 .debug_line    0x00000000      0x22a Communication/Mu/Mu.o
 .debug_line    0x0000022a      0x3f2 Communication/RemoteControl/RCReceive.o
 .debug_line    0x0000061c      0x274 Communication/RingBuffer/Ringbuffer.o
 .debug_line    0x00000890      0x841 Communication/RS485/RS485.o
 .debug_line    0x000010d1      0x2e6 Communication/Uart/Uart.o
 .debug_line    0x000013b7      0x3d1 Input/Encoder/Encoder.o
 .debug_line    0x00001788      0x2ec Input/Exint/Exint.o
 .debug_line    0x00001a74      0x242 Input/Sensor/Sensor.o
 .debug_line    0x00001cb6      0x3c2 Input/Switch/Switch.o
 .debug_line    0x00002078       0x75 main.o
 .debug_line    0x000020ed      0x294 Output/Air/Air.o
 .debug_line    0x00002381      0x1ce Output/Buzzer/Buzzer.o
 .debug_line    0x0000254f      0x298 Output/Led/Led.o
 .debug_line    0x000027e7      0x468 Output/Motor/Motor.o
 .debug_line    0x00002c4f      0x14f System/Initialize/Initialize.o
 .debug_line    0x00002d9e     0x1859 System/Process/Process.o
 .debug_line    0x000045f7      0x4be System/Safety/Safety.o
 .debug_line    0x00004ab5      0x4c7 System/Setup/Setup.o
 .debug_line    0x00004f7c       0x3e System/WDT/WDT.o
 .debug_line    0x00004fba       0xc9 c:/program files (x86)/atmel/avr studio 5.0/avr toolchain/bin/../lib/gcc/avr/4.5.1/avr5\libgcc.a(_fixunssfsi.o)
 .debug_line    0x00005083      0x2ee c:/program files (x86)/atmel/avr studio 5.0/avr toolchain/bin/../lib/gcc/avr/4.5.1/avr5\libgcc.a(_addsub_sf.o)
 .debug_line    0x00005371      0x28a c:/program files (x86)/atmel/avr studio 5.0/avr toolchain/bin/../lib/gcc/avr/4.5.1/avr5\libgcc.a(_mul_sf.o)
 .debug_line    0x000055fb      0x105 c:/program files (x86)/atmel/avr studio 5.0/avr toolchain/bin/../lib/gcc/avr/4.5.1/avr5\libgcc.a(_ge_sf.o)
 .debug_line    0x00005700      0x14d c:/program files (x86)/atmel/avr studio 5.0/avr toolchain/bin/../lib/gcc/avr/4.5.1/avr5\libgcc.a(_si_to_sf.o)
 .debug_line    0x0000584d      0x13f c:/program files (x86)/atmel/avr studio 5.0/avr toolchain/bin/../lib/gcc/avr/4.5.1/avr5\libgcc.a(_sf_to_si.o)
 .debug_line    0x0000598c       0xb2 c:/program files (x86)/atmel/avr studio 5.0/avr toolchain/bin/../lib/gcc/avr/4.5.1/avr5\libgcc.a(_thenan_sf.o)
 .debug_line    0x00005a3e      0x15b c:/program files (x86)/atmel/avr studio 5.0/avr toolchain/bin/../lib/gcc/avr/4.5.1/avr5\libgcc.a(_usi_to_sf.o)
 .debug_line    0x00005b99       0xef c:/program files (x86)/atmel/avr studio 5.0/avr toolchain/bin/../lib/gcc/avr/4.5.1/avr5\libgcc.a(_clzsi2.o)
 .debug_line    0x00005c88      0x1f5 c:/program files (x86)/atmel/avr studio 5.0/avr toolchain/bin/../lib/gcc/avr/4.5.1/avr5\libgcc.a(_pack_sf.o)
 .debug_line    0x00005e7d      0x175 c:/program files (x86)/atmel/avr studio 5.0/avr toolchain/bin/../lib/gcc/avr/4.5.1/avr5\libgcc.a(_unpack_sf.o)
 .debug_line    0x00005ff2      0x179 c:/program files (x86)/atmel/avr studio 5.0/avr toolchain/bin/../lib/gcc/avr/4.5.1/avr5\libgcc.a(_fpcmp_parts_sf.o)
 .debug_line    0x0000616b       0x9e c:/program files (x86)/atmel/avr studio 5.0/avr toolchain/bin/../lib/gcc/avr/4.5.1/avr5\libgcc.a(_clz.o)

.debug_frame    0x00000000      0xa00
 *(.debug_frame)
 .debug_frame   0x00000000       0x40 Communication/Mu/Mu.o
 .debug_frame   0x00000040       0x60 Communication/RemoteControl/RCReceive.o
 .debug_frame   0x000000a0       0x50 Communication/RingBuffer/Ringbuffer.o
 .debug_frame   0x000000f0       0xe0 Communication/RS485/RS485.o
 .debug_frame   0x000001d0       0x80 Communication/Uart/Uart.o
 .debug_frame   0x00000250      0x110 Input/Encoder/Encoder.o
 .debug_frame   0x00000360       0xa0 Input/Exint/Exint.o
 .debug_frame   0x00000400       0x30 Input/Sensor/Sensor.o
 .debug_frame   0x00000430       0x60 Input/Switch/Switch.o
 .debug_frame   0x00000490       0x20 main.o
 .debug_frame   0x000004b0       0x70 Output/Air/Air.o
 .debug_frame   0x00000520       0x40 Output/Buzzer/Buzzer.o
 .debug_frame   0x00000560       0x70 Output/Led/Led.o
 .debug_frame   0x000005d0       0xc0 Output/Motor/Motor.o
 .debug_frame   0x00000690       0x20 System/Initialize/Initialize.o
 .debug_frame   0x000006b0       0xf0 System/Process/Process.o
 .debug_frame   0x000007a0       0x70 System/Safety/Safety.o
 .debug_frame   0x00000810       0x70 System/Setup/Setup.o
 .debug_frame   0x00000880       0x20 c:/program files (x86)/atmel/avr studio 5.0/avr toolchain/bin/../lib/gcc/avr/4.5.1/avr5\libgcc.a(_fixunssfsi.o)
 .debug_frame   0x000008a0       0x40 c:/program files (x86)/atmel/avr studio 5.0/avr toolchain/bin/../lib/gcc/avr/4.5.1/avr5\libgcc.a(_addsub_sf.o)
 .debug_frame   0x000008e0       0x20 c:/program files (x86)/atmel/avr studio 5.0/avr toolchain/bin/../lib/gcc/avr/4.5.1/avr5\libgcc.a(_mul_sf.o)
 .debug_frame   0x00000900       0x20 c:/program files (x86)/atmel/avr studio 5.0/avr toolchain/bin/../lib/gcc/avr/4.5.1/avr5\libgcc.a(_ge_sf.o)
 .debug_frame   0x00000920       0x20 c:/program files (x86)/atmel/avr studio 5.0/avr toolchain/bin/../lib/gcc/avr/4.5.1/avr5\libgcc.a(_si_to_sf.o)
 .debug_frame   0x00000940       0x20 c:/program files (x86)/atmel/avr studio 5.0/avr toolchain/bin/../lib/gcc/avr/4.5.1/avr5\libgcc.a(_sf_to_si.o)
 .debug_frame   0x00000960       0x20 c:/program files (x86)/atmel/avr studio 5.0/avr toolchain/bin/../lib/gcc/avr/4.5.1/avr5\libgcc.a(_usi_to_sf.o)
 .debug_frame   0x00000980       0x20 c:/program files (x86)/atmel/avr studio 5.0/avr toolchain/bin/../lib/gcc/avr/4.5.1/avr5\libgcc.a(_clzsi2.o)
 .debug_frame   0x000009a0       0x20 c:/program files (x86)/atmel/avr studio 5.0/avr toolchain/bin/../lib/gcc/avr/4.5.1/avr5\libgcc.a(_pack_sf.o)
 .debug_frame   0x000009c0       0x20 c:/program files (x86)/atmel/avr studio 5.0/avr toolchain/bin/../lib/gcc/avr/4.5.1/avr5\libgcc.a(_unpack_sf.o)
 .debug_frame   0x000009e0       0x20 c:/program files (x86)/atmel/avr studio 5.0/avr toolchain/bin/../lib/gcc/avr/4.5.1/avr5\libgcc.a(_fpcmp_parts_sf.o)

.debug_str      0x00000000     0x13ff
 *(.debug_str)
 .debug_str     0x00000000      0x153 Communication/Mu/Mu.o
                                0x18c (size before relaxing)
 .debug_str     0x00000153      0x16a Communication/RemoteControl/RCReceive.o
                                0x265 (size before relaxing)
 .debug_str     0x000002bd       0xaf Communication/RingBuffer/Ringbuffer.o
                                0x195 (size before relaxing)
 .debug_str     0x0000036c      0x1b2 Communication/RS485/RS485.o
                                0x324 (size before relaxing)
 .debug_str     0x0000051e       0x93 Communication/Uart/Uart.o
                                0x1e6 (size before relaxing)
 .debug_str     0x000005b1      0x18b Input/Encoder/Encoder.o
                                0x289 (size before relaxing)
 .debug_str     0x0000073c       0xd4 Input/Exint/Exint.o
                                0x1c1 (size before relaxing)
 .debug_str     0x00000810       0x46 Input/Sensor/Sensor.o
                                0x141 (size before relaxing)
 .debug_str     0x00000856       0x6e Input/Switch/Switch.o
                                0x18a (size before relaxing)
 .debug_str     0x000008c4       0x73 main.o
                                 0xe6 (size before relaxing)
 .debug_str     0x00000937       0x7a Output/Air/Air.o
                                0x17c (size before relaxing)
 .debug_str     0x000009b1       0x4c Output/Buzzer/Buzzer.o
                                0x149 (size before relaxing)
 .debug_str     0x000009fd       0x59 Output/Led/Led.o
                                0x164 (size before relaxing)
 .debug_str     0x00000a56      0x105 Output/Motor/Motor.o
                                0x272 (size before relaxing)
 .debug_str     0x00000b5b       0x44 System/Initialize/Initialize.o
                                0x119 (size before relaxing)
 .debug_str     0x00000b9f      0x455 System/Process/Process.o
                                0x638 (size before relaxing)
 .debug_str     0x00000ff4       0xb8 System/Safety/Safety.o
                                0x248 (size before relaxing)
 .debug_str     0x000010ac       0x63 System/Setup/Setup.o
                                0x21f (size before relaxing)
 .debug_str     0x0000110f       0x14 System/WDT/WDT.o
                                 0xe9 (size before relaxing)
 .debug_str     0x00001123       0xd7 c:/program files (x86)/atmel/avr studio 5.0/avr toolchain/bin/../lib/gcc/avr/4.5.1/avr5\libgcc.a(_fixunssfsi.o)
                                0x15c (size before relaxing)
 .debug_str     0x000011fa      0x14f c:/program files (x86)/atmel/avr studio 5.0/avr toolchain/bin/../lib/gcc/avr/4.5.1/avr5\libgcc.a(_addsub_sf.o)
                                0x243 (size before relaxing)
 .debug_str     0x00001349       0x27 c:/program files (x86)/atmel/avr studio 5.0/avr toolchain/bin/../lib/gcc/avr/4.5.1/avr5\libgcc.a(_mul_sf.o)
                                0x1fc (size before relaxing)
 .debug_str     0x00001370        0x8 c:/program files (x86)/atmel/avr studio 5.0/avr toolchain/bin/../lib/gcc/avr/4.5.1/avr5\libgcc.a(_ge_sf.o)
                                0x1ca (size before relaxing)
 .debug_str     0x00001378       0x27 c:/program files (x86)/atmel/avr studio 5.0/avr toolchain/bin/../lib/gcc/avr/4.5.1/avr5\libgcc.a(_si_to_sf.o)
                                0x1b9 (size before relaxing)
 .debug_str     0x0000139f        0xa c:/program files (x86)/atmel/avr studio 5.0/avr toolchain/bin/../lib/gcc/avr/4.5.1/avr5\libgcc.a(_sf_to_si.o)
                                0x1d3 (size before relaxing)
 .debug_str     0x00000000      0x175 c:/program files (x86)/atmel/avr studio 5.0/avr toolchain/bin/../lib/gcc/avr/4.5.1/avr5\libgcc.a(_thenan_sf.o)
 .debug_str     0x000013a9       0x14 c:/program files (x86)/atmel/avr studio 5.0/avr toolchain/bin/../lib/gcc/avr/4.5.1/avr5\libgcc.a(_usi_to_sf.o)
                                0x1b5 (size before relaxing)
 .debug_str     0x000013bd       0x17 c:/program files (x86)/atmel/avr studio 5.0/avr toolchain/bin/../lib/gcc/avr/4.5.1/avr5\libgcc.a(_clzsi2.o)
                                0x168 (size before relaxing)
 .debug_str     0x000013d4       0x10 c:/program files (x86)/atmel/avr studio 5.0/avr toolchain/bin/../lib/gcc/avr/4.5.1/avr5\libgcc.a(_pack_sf.o)
                                0x1d2 (size before relaxing)
 .debug_str     0x000013e4        0xb c:/program files (x86)/atmel/avr studio 5.0/avr toolchain/bin/../lib/gcc/avr/4.5.1/avr5\libgcc.a(_unpack_sf.o)
                                0x1b4 (size before relaxing)
 .debug_str     0x000013ef       0x10 c:/program files (x86)/atmel/avr studio 5.0/avr toolchain/bin/../lib/gcc/avr/4.5.1/avr5\libgcc.a(_fpcmp_parts_sf.o)
                                0x198 (size before relaxing)
 .debug_str     0x00000000      0x14b c:/program files (x86)/atmel/avr studio 5.0/avr toolchain/bin/../lib/gcc/avr/4.5.1/avr5\libgcc.a(_clz.o)

.debug_loc      0x00000000      0xbe5
 *(.debug_loc)
 .debug_loc     0x00000000       0x34 c:/program files (x86)/atmel/avr studio 5.0/avr toolchain/bin/../lib/gcc/avr/4.5.1/avr5\libgcc.a(_fixunssfsi.o)
 .debug_loc     0x00000034      0x31d c:/program files (x86)/atmel/avr studio 5.0/avr toolchain/bin/../lib/gcc/avr/4.5.1/avr5\libgcc.a(_addsub_sf.o)
 .debug_loc     0x00000351      0x2a4 c:/program files (x86)/atmel/avr studio 5.0/avr toolchain/bin/../lib/gcc/avr/4.5.1/avr5\libgcc.a(_mul_sf.o)
 .debug_loc     0x000005f5       0x48 c:/program files (x86)/atmel/avr studio 5.0/avr toolchain/bin/../lib/gcc/avr/4.5.1/avr5\libgcc.a(_ge_sf.o)
 .debug_loc     0x0000063d       0xb4 c:/program files (x86)/atmel/avr studio 5.0/avr toolchain/bin/../lib/gcc/avr/4.5.1/avr5\libgcc.a(_si_to_sf.o)
 .debug_loc     0x000006f1       0x56 c:/program files (x86)/atmel/avr studio 5.0/avr toolchain/bin/../lib/gcc/avr/4.5.1/avr5\libgcc.a(_sf_to_si.o)
 .debug_loc     0x00000747       0x96 c:/program files (x86)/atmel/avr studio 5.0/avr toolchain/bin/../lib/gcc/avr/4.5.1/avr5\libgcc.a(_usi_to_sf.o)
 .debug_loc     0x000007dd       0xb2 c:/program files (x86)/atmel/avr studio 5.0/avr toolchain/bin/../lib/gcc/avr/4.5.1/avr5\libgcc.a(_clzsi2.o)
 .debug_loc     0x0000088f      0x1f5 c:/program files (x86)/atmel/avr studio 5.0/avr toolchain/bin/../lib/gcc/avr/4.5.1/avr5\libgcc.a(_pack_sf.o)
 .debug_loc     0x00000a84      0x111 c:/program files (x86)/atmel/avr studio 5.0/avr toolchain/bin/../lib/gcc/avr/4.5.1/avr5\libgcc.a(_unpack_sf.o)
 .debug_loc     0x00000b95       0x50 c:/program files (x86)/atmel/avr studio 5.0/avr toolchain/bin/../lib/gcc/avr/4.5.1/avr5\libgcc.a(_fpcmp_parts_sf.o)

.debug_macinfo
 *(.debug_macinfo)
OUTPUT(Master_Main.elf elf32-avr)
LOAD linker stubs

.debug_pubtypes
                0x00000000      0xb04
 .debug_pubtypes
                0x00000000       0x2b Communication/Mu/Mu.o
 .debug_pubtypes
                0x0000002b       0x57 Communication/RemoteControl/RCReceive.o
 .debug_pubtypes
                0x00000082       0x4d Communication/RingBuffer/Ringbuffer.o
 .debug_pubtypes
                0x000000cf       0x93 Communication/RS485/RS485.o
 .debug_pubtypes
                0x00000162       0x44 Communication/Uart/Uart.o
 .debug_pubtypes
                0x000001a6       0x6b Input/Encoder/Encoder.o
 .debug_pubtypes
                0x00000211       0x2b Input/Exint/Exint.o
 .debug_pubtypes
                0x0000023c       0x34 Input/Sensor/Sensor.o
 .debug_pubtypes
                0x00000270       0x41 Input/Switch/Switch.o
 .debug_pubtypes
                0x000002b1       0x12 main.o
 .debug_pubtypes
                0x000002c3       0x34 Output/Air/Air.o
 .debug_pubtypes
                0x000002f7       0x34 Output/Buzzer/Buzzer.o
 .debug_pubtypes
                0x0000032b       0x34 Output/Led/Led.o
 .debug_pubtypes
                0x0000035f       0x75 Output/Motor/Motor.o
 .debug_pubtypes
                0x000003d4       0x12 System/Initialize/Initialize.o
 .debug_pubtypes
                0x000003e6       0x91 System/Process/Process.o
 .debug_pubtypes
                0x00000477       0x6b System/Safety/Safety.o
 .debug_pubtypes
                0x000004e2       0x91 System/Setup/Setup.o
 .debug_pubtypes
                0x00000573       0x12 System/WDT/WDT.o
 .debug_pubtypes
                0x00000585       0x34 c:/program files (x86)/atmel/avr studio 5.0/avr toolchain/bin/../lib/gcc/avr/4.5.1/avr5\libgcc.a(_fixunssfsi.o)
 .debug_pubtypes
                0x000005b9       0x9d c:/program files (x86)/atmel/avr studio 5.0/avr toolchain/bin/../lib/gcc/avr/4.5.1/avr5\libgcc.a(_addsub_sf.o)
 .debug_pubtypes
                0x00000656       0x86 c:/program files (x86)/atmel/avr studio 5.0/avr toolchain/bin/../lib/gcc/avr/4.5.1/avr5\libgcc.a(_mul_sf.o)
 .debug_pubtypes
                0x000006dc       0x91 c:/program files (x86)/atmel/avr studio 5.0/avr toolchain/bin/../lib/gcc/avr/4.5.1/avr5\libgcc.a(_ge_sf.o)
 .debug_pubtypes
                0x0000076d       0x7e c:/program files (x86)/atmel/avr studio 5.0/avr toolchain/bin/../lib/gcc/avr/4.5.1/avr5\libgcc.a(_si_to_sf.o)
 .debug_pubtypes
                0x000007eb       0x91 c:/program files (x86)/atmel/avr studio 5.0/avr toolchain/bin/../lib/gcc/avr/4.5.1/avr5\libgcc.a(_sf_to_si.o)
 .debug_pubtypes
                0x0000087c       0x5b c:/program files (x86)/atmel/avr studio 5.0/avr toolchain/bin/../lib/gcc/avr/4.5.1/avr5\libgcc.a(_thenan_sf.o)
 .debug_pubtypes
                0x000008d7       0x73 c:/program files (x86)/atmel/avr studio 5.0/avr toolchain/bin/../lib/gcc/avr/4.5.1/avr5\libgcc.a(_usi_to_sf.o)
 .debug_pubtypes
                0x0000094a       0x35 c:/program files (x86)/atmel/avr studio 5.0/avr toolchain/bin/../lib/gcc/avr/4.5.1/avr5\libgcc.a(_clzsi2.o)
 .debug_pubtypes
                0x0000097f       0x86 c:/program files (x86)/atmel/avr studio 5.0/avr toolchain/bin/../lib/gcc/avr/4.5.1/avr5\libgcc.a(_pack_sf.o)
 .debug_pubtypes
                0x00000a05       0x86 c:/program files (x86)/atmel/avr studio 5.0/avr toolchain/bin/../lib/gcc/avr/4.5.1/avr5\libgcc.a(_unpack_sf.o)
 .debug_pubtypes
                0x00000a8b       0x5b c:/program files (x86)/atmel/avr studio 5.0/avr toolchain/bin/../lib/gcc/avr/4.5.1/avr5\libgcc.a(_fpcmp_parts_sf.o)
 .debug_pubtypes
                0x00000ae6       0x1e c:/program files (x86)/atmel/avr studio 5.0/avr toolchain/bin/../lib/gcc/avr/4.5.1/avr5\libgcc.a(_clz.o)

.debug_ranges   0x00000000       0x48
 .debug_ranges  0x00000000       0x30 c:/program files (x86)/atmel/avr studio 5.0/avr toolchain/bin/../lib/gcc/avr/4.5.1/avr5\libgcc.a(_mul_sf.o)
 .debug_ranges  0x00000030       0x18 c:/program files (x86)/atmel/avr studio 5.0/avr toolchain/bin/../lib/gcc/avr/4.5.1/avr5\libgcc.a(_si_to_sf.o)
